patching file candidate/assets/app-core-545.js
Hunk #117 succeeded at 17659 with fuzz 3 (offset 1 line).
Hunk #118 succeeded at 17674 with fuzz 2 (offset 2 lines).
Hunk #119 succeeded at 17744 (offset 2 lines).
Hunk #120 succeeded at 17809 (offset 2 lines).
Hunk #121 succeeded at 17904 (offset 2 lines).
Hunk #122 succeeded at 18066 (offset 2 lines).
Hunk #123 succeeded at 18128 (offset 2 lines).
Hunk #124 succeeded at 18298 (offset 2 lines).
Hunk #125 succeeded at 18317 (offset 2 lines).
Hunk #126 succeeded at 18835 (offset 2 lines).
Hunk #127 succeeded at 18909 (offset 2 lines).
Hunk #128 succeeded at 19369 (offset 2 lines).
Hunk #129 succeeded at 19622 (offset 2 lines).
Hunk #130 succeeded at 19749 (offset 2 lines).
Hunk #131 succeeded at 19966 (offset 2 lines).
Hunk #132 succeeded at 20036 (offset 2 lines).
Hunk #133 succeeded at 20588 (offset 2 lines).
Hunk #134 succeeded at 20909 (offset 2 lines).
Hunk #135 succeeded at 22160 (offset 2 lines).
Hunk #136 succeeded at 23266 (offset 2 lines).
Hunk #137 succeeded at 23279 (offset 2 lines).
Hunk #138 succeeded at 23585 (offset 2 lines).
Hunk #139 succeeded at 24091 (offset 2 lines).
Hunk #140 succeeded at 24436 (offset 2 lines).
Hunk #141 succeeded at 24542 (offset 2 lines).
Hunk #142 succeeded at 24833 (offset 2 lines).
Hunk #143 succeeded at 24970 (offset 2 lines).
Hunk #144 succeeded at 24990 (offset 2 lines).
Hunk #145 succeeded at 25004 (offset 2 lines).
Hunk #146 succeeded at 25125 (offset 2 lines).
Hunk #147 succeeded at 25276 (offset 2 lines).
Hunk #148 succeeded at 25342 (offset 2 lines).
Hunk #149 succeeded at 25367 (offset 2 lines).
Hunk #150 succeeded at 25589 (offset 2 lines).
Hunk #151 succeeded at 25624 (offset 2 lines).
Hunk #152 succeeded at 25644 (offset 2 lines).
Hunk #153 succeeded at 25923 (offset 2 lines).
Hunk #154 succeeded at 26323 (offset 2 lines).
Hunk #155 succeeded at 26348 (offset 2 lines).
Hunk #156 succeeded at 26517 (offset 2 lines).
Hunk #157 succeeded at 26690 (offset 2 lines).
Hunk #158 succeeded at 26705 (offset 2 lines).
Hunk #159 succeeded at 26728 (offset 2 lines).
Hunk #160 succeeded at 26765 (offset 2 lines).
Hunk #161 succeeded at 26788 (offset 2 lines).
Hunk #162 succeeded at 26859 (offset 2 lines).
Hunk #163 succeeded at 27567 (offset 2 lines).
Hunk #164 succeeded at 27585 (offset 2 lines).
Hunk #165 succeeded at 28868 (offset 2 lines).
Hunk #166 succeeded at 29089 (offset 2 lines).
Hunk #167 succeeded at 29113 (offset 2 lines).
Hunk #168 succeeded at 29877 (offset 2 lines).
Hunk #169 succeeded at 30936 (offset 2 lines).
Hunk #170 succeeded at 30947 (offset 2 lines).
Hunk #171 succeeded at 30955 (offset 2 lines).
Hunk #172 succeeded at 31260 (offset 2 lines).
Hunk #173 succeeded at 31276 (offset 2 lines).
Hunk #174 succeeded at 31376 (offset 2 lines).
Hunk #175 succeeded at 31402 (offset 2 lines).
Hunk #176 succeeded at 31476 (offset 2 lines).
Hunk #177 succeeded at 31664 (offset 2 lines).
Hunk #178 succeeded at 31804 (offset 2 lines).
Hunk #179 succeeded at 31899 (offset 2 lines).
Hunk #180 succeeded at 31975 (offset 2 lines).
Hunk #181 succeeded at 32027 (offset 2 lines).
Hunk #182 succeeded at 32057 (offset 2 lines).
Hunk #183 succeeded at 32077 (offset 2 lines).
patch unexpectedly ends in middle of line
patch: **** unexpected end of file in patch
